***** External Functions *****
1    AddFolderIcon                                      isrt.obl(Shell.obs)
2    AddFontRegistrationToLog                           isrt.obl(Misc.obs)
3    AppSearch                                          isrt.obl(Driver.obs)
4    CCPSearch                                          isrt.obl(Driver.obs)
5    ChangeDirectory                                    isrt.obl(Files.obs)
6    CloseFile                                          isrt.obl(Files.obs)
7    CmdGetHwndDlg                                      isrt.obl(CustomDialog.obs)
8    ComponentAddFileToLog                              isrt.obl(component.obs)
9    ComponentCompareSizeRequired                       isrt.obl(component.obs)
10   ComponentGetData                                   isrt.obl(component.obs)
11   ComponentGetTotalCost                              isrt.obl(component.obs)
12   ComponentIsItemSelected                            isrt.obl(component.obs)
13   ComponentListItems                                 isrt.obl(component.obs)
14   ComponentSelectItem                                isrt.obl(component.obs)
15   ComponentTreeInit                                  isrt.obl(Dialogs.obs)
16   ConvertWinHighLowSizeToISHighLowSize               isrt.obl(Misc.obs)
17   CreateDir                                          isrt.obl(Files.obs)
18   CreateFile                                         isrt.obl(Files.obs)
19   CreateInstallationInfo                             isrt.obl(Registry.obs)
20   CreateRegistrySet                                  isrt.obl(Feature.obs)
21   CtrlGetNotificationCode                            isrt.obl(CustomDialog.obs)
22   CtrlGetState                                       isrt.obl(CustomDialog.obs)
23   CtrlGetText                                        isrt.obl(CustomDialog.obs)
24   CtrlSelectText                                     isrt.obl(CustomDialog.obs)
25   CtrlSetState                                       isrt.obl(CustomDialog.obs)
26   CtrlSetText                                        isrt.obl(CustomDialog.obs)
27   DIFxDriverPackageUninstall                         isrt.obl(ISDIFx.obs)
28   DRMINSTALLERPRO.DRMInstallPRO                      isrt.obl(Activation.obs)
29   DRMINSTALLERPRO.DRMUnInstallPRO                    isrt.obl(Activation.obs)
30   DefineDialog                                       isrt.obl(CustomDialog.obs)
31   Delay                                              isrt.obl(Misc.obs)
32   DeleteFile                                         isrt.obl(Files.obs)
33   DeleteFolderIcon                                   isrt.obl(Shell.obs)
34   DeleteSingleFile                                   isrt.obl(Files.obs)
35   DialogSetDefaultFont                               isrt.obl(Dialogs.obs)
36   DialogSetFont                                      isrt.obl(Dialogs.obs)
37   DialogSetInfo                                      isrt.obl(Dialogs.obs)
38   Disable                                            isrt.obl(Enable.obs)
39   DllSizeOf                                          isrt.obl(Str.obs)
40   Do                                                 isrt.obl(Misc.obs)
41   Enable                                             isrt.obl(Enable.obs)
42   EndCurrentDialog                                   isrt.obl(Dialogs.obs)
43   EndDialog                                          isrt.obl(CustomDialog.obs)
44   EnterDisk                                          isrt.obl(EnterDisk.obs)
45   EnterPassword                                      isrt.obl(EnterPasswordDlg.obs)
46   ExistsDir                                          isrt.obl(Files.obs)
47   ExistsDisk                                         isrt.obl(Files.obs)
48   ExitInstall                                        isrt.obl(Driver.obs)
49   EzDefineDialog                                     isrt.obl(CustomDialog.obs)
50   FeatureAddFileToLog                                isrt.obl(Feature.obs)
51   FeatureCompareSizeRequired                         isrt.obl(Feature.obs)
52   FeatureErrorInfo                                   isrt.obl(Feature.obs)
53   FeatureFilterLanguage                              isrt.obl(Feature.obs)
54   FeatureFilterOS                                    isrt.obl(Feature.obs)
55   FeatureGetData                                     isrt.obl(Feature.obs)
56   FeatureGetTotalCost                                isrt.obl(Feature.obs)
57   FeatureIsItemSelected                              isrt.obl(Feature.obs)
58   FeatureListItems                                   isrt.obl(Feature.obs)
59   FeaturePatch                                       isrt.obl(Feature.obs)
60   FeatureReinstall                                   isrt.obl(Feature.obs)
61   FeatureRemoveAllInLogOnly                          isrt.obl(Feature.obs)
62   FeatureRemoveAllInMedia                            isrt.obl(Feature.obs)
63   FeatureRemoveAllInMediaAndLog                      isrt.obl(Feature.obs)
64   FeatureSaveTarget                                  isrt.obl(Feature.obs)
65   FeatureSelectItem                                  isrt.obl(Feature.obs)
66   FeatureSelectNew                                   isrt.obl(Feature.obs)
67   FeatureTransferData                                isrt.obl(Feature.obs)
68   FeatureUpdate                                      isrt.obl(Feature.obs)
69   FeatureValidate                                    isrt.obl(Feature.obs)
70   FinalConstruct                                     ifx.obl(EventsPriv.obs)
71   FinalRelease                                       ifx.obl(EventsPriv.obs)
72   FindFile                                           isrt.obl(Files.obs)
73   FormatMessage                                      isrt.obl(Misc.obs)
74   GDI32.AddFontResource                              Setup.obs
75   GDI32.CreateRectRgn                                Setup.obs
76   GDI32.GetDeviceCaps                                Setup.obs
77   GDI32.RemoveFontResource                           Setup.obs
78   GetAddRemove                                       isrt.obl(SysVars.obs)
79   GetBillboard                                       isrt.obl(SysVars.obs)
80   GetCommonFiles                                     isrt.obl(SysVars.obs)
81   GetCurrentDialogName                               isrt.obl(Dialogs.obs)
82   GetCurrentDir                                      isrt.obl(Files.obs)
83   GetDialogTitle                                     isrt.obl(Dialogs.obs)
84   GetDir                                             isrt.obl(Str.obs)
85   GetDisk                                            isrt.obl(Str.obs)
86   GetDiskSpace                                       isrt.obl(GSI.obs)
87   GetDiskSpaceEx                                     isrt.obl(GSI.obs)
88   GetEnabledIServices                                isrt.obl(SysVars.obs)
89   GetEngineDir                                       isrt.obl(SysVars.obs)
90   GetErrorMsg                                        isrt.obl(Dialogs.obs)
91   GetErrorTitle                                      isrt.obl(Dialogs.obs)
92   GetExtents                                         isrt.obl(GSI.obs)
93   GetFileInfo                                        isrt.obl(Files.obs)
94   GetFolderApplications                              isrt.obl(SysVars.obs)
95   GetFolderApplications64                            isrt.obl(SysVars.obs)
96   GetFolderFonts                                     isrt.obl(SysVars.obs)
97   GetFolderPrograms                                  isrt.obl(SysVars.obs)
98   GetFolderStartMenu                                 isrt.obl(SysVars.obs)
99   GetISRes                                           isrt.obl(SysVars.obs)
100  GetInstallScriptMSI                                isrt.obl(SysVars.obs)
101  GetInstanceGUID                                    isrt.obl(SysVars.obs)
102  GetKeyPathWinCurrVerAuto                           isrt.obl(SysVars.obs)
103  GetLog                                             isrt.obl(SysVars.obs)
104  GetLogEx                                           isrt.obl(SysVars.obs)
105  GetMaintOption                                     isrt.obl(SysVars.obs)
106  GetMaintenance                                     isrt.obl(SysVars.obs)
107  GetMultiInstanceCount                              isrt.obl(SysVars.obs)
108  GetOpenFileMode                                    isrt.obl(Files.obs)
109  GetPackageLocation                                 isrt.obl(SysVars.obs)
110  GetProductGUID                                     isrt.obl(SysVars.obs)
111  GetProfSectionKeyCount                             isrt.obl(Profile.obs)
112  GetProfString                                      isrt.obl(Profile.obs)
113  GetProfStringList                                  isrt.obl(Profile.obs)
114  GetProgramFiles                                    isrt.obl(SysVars.obs)
115  GetReinstallMode                                   isrt.obl(SysVars.obs)
116  GetRemoveAllMode                                   isrt.obl(SysVars.obs)
117  GetRemoveOnly                                      isrt.obl(SysVars.obs)
118  GetSelectedLanguage                                isrt.obl(SysVars.obs)
119  GetSelectedTreeComponent                           isrt.obl(CmptView.obs)
120  GetShowPasswordDialog                              isrt.obl(SysVars.obs)
121  GetSupportDir                                      isrt.obl(SysVars.obs)
122  GetSystemInfo                                      isrt.obl(GSI.obs)
123  GetTempFolder                                      isrt.obl(SysVars.obs)
124  GetTrueTypeFontFileInfo                            isrt.obl(Misc.obs)
125  GetUserSelectableAuto                              isrt.obl(SysVars.obs)
126  GetWinDir                                          isrt.obl(SysVars.obs)
127  GetWinSysDir                                       isrt.obl(SysVars.obs)
128  GetWindowHandle                                    isrt.obl(Misc.obs)
129  HIBYTE                                             isrt.obl(Misc.obs)
130  HIWORD                                             isrt.obl(Misc.obs)
131  ISDeterminePlatform                                isrt.obl(OsInfo.obs)
132  ISMIF32.InstallStatusMIF                           isrt.obl(MIF.obs)
133  ISRT.AddIcon                                       isrt.obl(Shell.obs)
134  ISRT.ComponentViewSetInfoEx                        isrt.obl(Dialogs.obs)
135  ISRT.DeleteIcon                                    isrt.obl(Shell.obs)
136  ISRT.EnableHourGlass                               isrt.obl(Enable.obs)
137  ISRT.GetCPUType                                    isrt.obl(GSI.obs)
138  ISRT.GetFontSub                                    isrt.obl(Dialogs.obs)
139  ISRT.GetHandle                                     Setup.obs
140  ISRT.GetPorts                                      isrt.obl(GSI.obs)
141  ISRT.IsEmpty                                       Setup.obs
142  ISRT.IsNTAdmin                                     isrt.obl(Is.obs)
143  ISRT.IsObject                                      Setup.obs
144  ISRT.IsPowerUser                                   isrt.obl(Is.obs)
145  ISRT.LangLoadString                                isrt.obl(SDINT.obs)
146  ISRT.MessageBeepP                                  Setup.obs
147  ISRT.PathCompactPathPixel                          isrt.obl(CustomDialog.obs)
148  ISRT.PathGetDir                                    isrt.obl(Str.obs)
149  ISRT.PathGetDrive                                  isrt.obl(Str.obs)
150  ISRT.PathGetFile                                   isrt.obl(Files.obs)
151  ISRT.PathGetFileExt                                isrt.obl(Str.obs)
152  ISRT.PathGetFileName                               isrt.obl(Str.obs)
153  ISRT.PathGetLongFromShort                          isrt.obl(Str.obs)
154  ISRT.PathGetPath                                   isrt.obl(Str.obs)
155  ISRT.PathGetSpecialFolder                          isrt.obl(SysVars.obs)
156  ISRT.PathIsValidSyntax                             isrt.obl(Is.obs)
157  ISRT._AppSearch                                    Setup.obs
158  ISRT._BrowseForFolder                              isrt.obl(SelectDir.obs)
159  ISRT._CCPSearch                                    Setup.obs
160  ISRT._CleanupInet                                  isrt.obl(MIO.obs)
161  ISRT._CloseFile                                    isrt.obl(Files.obs)
162  ISRT._CmdGetHwndDlg                                isrt.obl(CustomDialog.obs)
163  ISRT._ComponentCompareSizeRequired                 isrt.obl(Feature.obs)
164  ISRT._ComponentErrorInfo                           isrt.obl(Feature.obs)
165  ISRT._ComponentFilterLanguage                      isrt.obl(Feature.obs)
166  ISRT._ComponentFilterOS                            isrt.obl(Feature.obs)
167  ISRT._ComponentGetData                             isrt.obl(Feature.obs)
168  ISRT._ComponentGetTotalCost                        isrt.obl(Feature.obs)
169  ISRT._ComponentGetTotalCostEx                      isrt.obl(SdComponentTreeDlg.obs)
170  ISRT._ComponentIsItemSelected                      isrt.obl(Feature.obs)
171  ISRT._ComponentListItems                           isrt.obl(Feature.obs)
172  ISRT._ComponentPatch                               isrt.obl(Feature.obs)
173  ISRT._ComponentReinstall                           isrt.obl(Feature.obs)
174  ISRT._ComponentRemoveAll                           isrt.obl(Feature.obs)
175  ISRT._ComponentRemoveAllInLogOnly                  isrt.obl(Feature.obs)
176  ISRT._ComponentSaveTarget                          isrt.obl(Feature.obs)
177  ISRT._ComponentSelectItem                          isrt.obl(Feature.obs)
178  ISRT._ComponentSelectNew                           isrt.obl(Feature.obs)
179  ISRT._ComponentTransferData                        isrt.obl(Feature.obs)
180  ISRT._ComponentUpdate                              isrt.obl(Feature.obs)
181  ISRT._ComponentValidate                            isrt.obl(Feature.obs)
182  ISRT._CreateDir                                    isrt.obl(Files.obs)
183  ISRT._CreateRegistrySet                            isrt.obl(Feature.obs)
184  ISRT._CtrlGetNotificationCode                      isrt.obl(CustomDialog.obs)
185  ISRT._DIFxDriverPackageUninstall                   isrt.obl(ISDIFx.obs)
186  ISRT._DefineDialog                                 isrt.obl(CustomDialog.obs)
187  ISRT._DialogSetFont                                isrt.obl(Dialogs.obs)
188  ISRT._DisableStatus                                isrt.obl(Enable.obs)
189  ISRT._DoSprintf                                    isrt.obl(MsgBox.obs)
190  ISRT._EnableDialogCache                            isrt.obl(Enable.obs)
191  ISRT._EnablePrevDialog                             isrt.obl(AskDestPathDlg.obs)
192  ISRT._EnableSkins                                  isrt.obl(Enable.obs)
193  ISRT._EnableStatus                                 isrt.obl(Enable.obs)
194  ISRT._EnableWow64FsRedirection                     isrt.obl(Enable.obs)
195  ISRT._EndDialog                                    isrt.obl(CustomDialog.obs)
196  ISRT._ExistsDir                                    isrt.obl(Files.obs)
197  ISRT._ExistsDisk                                   isrt.obl(Files.obs)
198  ISRT._ExistsFile                                   isrt.obl(Files.obs)
199  ISRT._ExitInstall                                  Setup.obs
200  ISRT._GenerateFileMD5SignatureHex                  isrt.obl(Files.obs)
201  ISRT._GetCurrentDialogName                         isrt.obl(Dialogs.obs)
202  ISRT._GetDiskSpaceEx                               isrt.obl(GSI.obs)
203  ISRT._GetDiskSpaceExEx                             isrt.obl(SdComponentTreeDlg.obs)
204  ISRT._GetGlobalMemorySize                          isrt.obl(GSI.obs)
205  ISRT._GetInetFileSize                              isrt.obl(Files.obs)
206  ISRT._GetInetFileTime                              isrt.obl(Files.obs)
207  ISRT._GetProcessorInfo                             isrt.obl(OsInfo.obs)
208  ISRT._GetSelectedTreeComponent                     isrt.obl(CmptView.obs)
209  ISRT._GetSupportDir                                isrt.obl(SysVars.obs)
210  ISRT._GetTrueTypeFontFileInfo                      isrt.obl(Misc.obs)
211  ISRT._InetEndofTransfer                            isrt.obl(iftw.obs)
212  ISRT._InetGetNextDisk                              isrt.obl(iftw.obs)
213  ISRT._InitInstall                                  Setup.obs
214  ISRT._IsFontTypefaceNameAvailable                  isrt.obl(Is.obs)
215  ISRT._IsSkinLoaded                                 isrt.obl(Is.obs)
216  ISRT._IsWindowsME                                  isrt.obl(GSI.obs)
217  ISRT._IsWow64                                      isrt.obl(OsInfo.obs)
218  ISRT._ListAddItem                                  isrt.obl(scrlist.obs)
219  ISRT._ListAddString                                isrt.obl(scrlist.obs)
220  ISRT._ListCount                                    isrt.obl(scrlist.obs)
221  ISRT._ListCreate                                   isrt.obl(scrlist.obs)
222  ISRT._ListCurrentString                            isrt.obl(scrlist.obs)
223  ISRT._ListDeleteItem                               isrt.obl(scrlist.obs)
224  ISRT._ListDeleteString                             isrt.obl(scrlist.obs)
225  ISRT._ListDestroy                                  isrt.obl(scrlist.obs)
226  ISRT._ListFindString                               isrt.obl(scrlist.obs)
227  ISRT._ListGetFirstItem                             isrt.obl(scrlist.obs)
228  ISRT._ListGetFirstString                           isrt.obl(scrlist.obs)
229  ISRT._ListGetNextItem                              isrt.obl(scrlist.obs)
230  ISRT._ListGetNextString                            isrt.obl(scrlist.obs)
231  ISRT._ListGetType                                  isrt.obl(scrlist.obs)
232  ISRT._ListSetIndex                                 isrt.obl(scrlist.obs)
233  ISRT._MediaGetInfo                                 isrt.obl(Feature.obs)
234  ISRT._OnUninstPriv                                 Setup.obs
235  ISRT._OpenFile                                     isrt.obl(Files.obs)
236  ISRT._Preprogram                                   Setup.obs
237  ISRT._RebootPutString                              ISUS.obl(ISUpdateService.obs)
238  ISRT._Rebooted                                     Setup.obs
239  ISRT._RegCreateKey                                 isrt.obl(Registry.obs)
240  ISRT._RegDeleteValue                               isrt.obl(Registry.obs)
241  ISRT._RegEnableTextSubs                            isrt.obl(Enable.obs)
242  ISRT._RegEnum                                      isrt.obl(Registry.obs)
243  ISRT._RegGetOptions                                isrt.obl(SysVars.obs)
244  ISRT._RegIsRemoteRegConnected                      isrt.obl(Is.obs)
245  ISRT._RegQueryKeyBinaryValue                       isrt.obl(Registry.obs)
246  ISRT._RegQueryKeyValue                             isrt.obl(Registry.obs)
247  ISRT._RegSetKeyBinaryValue                         isrt.obl(Registry.obs)
248  ISRT._RegSetKeyValue                               isrt.obl(Registry.obs)
249  ISRT._RegSetOptions                                isrt.obl(SysVars.obs)
250  ISRT._ReleaseDialog                                isrt.obl(CustomDialog.obs)
251  ISRT._SdShowMsg                                    isrt.obl(SDSMSG.obs)
252  ISRT._SetAltMainImage                              isrt.obl(Dialogs.obs)
253  ISRT._SetDisplayEffect                             isrt.obl(ui.obs)
254  ISRT._SetPaletteFile                               isrt.obl(MIO.obs)
255  ISRT._SetSilentSdShowMsg                           isrt.obl(Enable.obs)
256  ISRT._SetTitle                                     isrt.obl(ui.obs)
257  ISRT._SetupInet                                    isrt.obl(MIO.obs)
258  ISRT._SetupTraceWrite                              isrt.obl(Misc.obs)
259  ISRT._ShowObjWizardPages                           isrt.obl(Objects.obs)
260  ISRT._ShowWizardPages                              Setup.obs
261  ISRT._StatusUpdate                                 isrt.obl(ui.obs)
262  ISRT._TreeViewCreate                               isrt.obl(CmptView.obs)
263  ISRT._WaitOnDialog                                 isrt.obl(CustomDialog.obs)
264  ISRT._WriteLine                                    isrt.obl(Files.obs)
265  ISRT.__CreateObjectContext                         isrt.obl(ISRTInit.obs)
266  ISRT.__GetCmdLineOptions                           isrt.obl(ISRTInit.obs)
267  ISRT.__GetContextGUID                              isrt.obl(ISRTInit.obs)
268  ISRT.__GetEnabledIServices                         isrt.obl(SysVars.obs)
269  ISRT.__GetFileRegistrar                            isrt.obl(ISRTInit.obs)
270  ISRT.__GetInfo                                     isrt.obl(ISRTInit.obs)
271  ISRT.__GetInstallGuid                              isrt.obl(SysVars.obs)
272  ISRT.__GetLog                                      isrt.obl(SysVars.obs)
273  ISRT.__GetLogDB                                    isrt.obl(ISRTInit.obs)
274  ISRT.__GetLogEx                                    isrt.obl(SysVars.obs)
275  ISRT.__GetMainWindow                               Setup.obs
276  ISRT.__GetMaintOption                              isrt.obl(SysVars.obs)
277  ISRT.__GetMaintenanceMode                          isrt.obl(SysVars.obs)
278  ISRT.__GetObjects                                  isrt.obl(ISRTInit.obs)
279  ISRT.__GetProductGuid                              isrt.obl(SysVars.obs)
280  ISRT.__GetProgress                                 Setup.obs
281  ISRT.__GetReboot                                   isrt.obl(ISRTInit.obs)
282  ISRT.__GetReinstallMode                            isrt.obl(SysVars.obs)
283  ISRT.__GetRemoveAllMode                            isrt.obl(SysVars.obs)
284  ISRT.__GetTextSub                                  isrt.obl(ISRTInit.obs)
285  ISRT.__GetUpdateMode                               isrt.obl(SysVars.obs)
286  ISRT.__GetUser                                     isrt.obl(MIO.obs)
287  ISRT.__ISRTGetPropertyBag                          ifx.obl(PersistPropertyBag.obs)
288  ISRT.__ISRTReleasePropertyBag                      ifx.obl(PersistPropertyBag.obs)
289  ISRT.__LoadString                                  isrt.obl(LoadStr.obs)
290  ISRT.__PutEnabledIServices                         isrt.obl(Enable.obs)
291  ISRT.__ReleaseObjectContext                        isrt.obl(ISRTInit.obs)
292  ISRT.__RestoreMainLog                              isrt.obl(ISRTInit.obs)
293  ISRT.__RestoreMainLogEx                            isrt.obl(ISRTInit.obs)
294  ISRT.__SetComponentLog                             isrt.obl(ISRTInit.obs)
295  ISRT.__SetUpdateMode                               isrt.obl(SysVars.obs)
296  ISRTHandleScriptException                          isrt.obl(Misc.obs)
297  ISRTOnUninstPriv                                   isrt.obl(Driver.obs)
298  ISRTPreprogram                                     isrt.obl(Driver.obs)
299  IfxFilterComponents                                ifx.obl(EventsSetupPriv.obs)
300  IfxFinalConstruct                                  ifx.obl(EventsSetupPriv.obs)
301  IfxFinalRelease                                    ifx.obl(EventsSetupPriv.obs)
302  IfxInitProperties                                  ifx.obl(PersistPropertyBag.obs)
303  IfxOnAbortInstall                                  ifx.obl(EventsPriv.obs)
304  IfxOnAppSearch                                     ifx.obl(EventsPriv.obs)
305  IfxOnCCPSearch                                     ifx.obl(EventsPriv.obs)
306  IfxOnCanceling                                     ifx.obl(EventsPriv.obs)
307  IfxOnDisk1Installed                                ifx.obl(EventsSetupPriv.obs)
308  IfxOnDisk1Installing                               ifx.obl(EventsSetupPriv.obs)
309  IfxOnExitInstall                                   ifx.obl(EventsSetupPriv.obs)
310  IfxOnFileError                                     ifx.obl(EventsSetupPriv.obs)
311  IfxOnFileLocked                                    ifx.obl(EventsSetupPriv.obs)
312  IfxOnFileReadOnly                                  ifx.obl(EventsSetupPriv.obs)
313  IfxOnGeneralScriptOp                               ifx.obl(EventsPriv.obs)
314  IfxOnHelp                                          ifx.obl(EventsPriv.obs)
315  IfxOnInitInstall                                   ifx.obl(EventsSetupPriv.obs)
316  IfxOnInternetError                                 ifx.obl(EventsSetupPriv.obs)
317  IfxOnMD5Error                                      ifx.obl(EventsSetupPriv.obs)
318  IfxOnNextDisk                                      ifx.obl(EventsSetupPriv.obs)
319  IfxOnRebooted                                      ifx.obl(EventsPriv.obs)
320  IfxOnRemovingSharedFile                            ifx.obl(EventsSetupPriv.obs)
321  IfxOnShowWizardPages                               ifx.obl(EventsSetupPriv.obs)
322  IfxOnTransferred                                   ifx.obl(EventsPriv.obs)
323  IfxOnTransferring                                  ifx.obl(EventsSetupPriv.obs)
324  IfxOnUnhandledException                            ifx.obl(EventsPriv.obs)
325  IfxOnUninst                                        ifx.obl(EventsSetupPriv.obs)
326  IfxOnUninstPriv                                    ifx.obl(EventsSetupPriv.obs)
327  IfxPostprogram                                     ifx.obl(EventsSetupPriv.obs)
328  IfxPreprogram                                      ifx.obl(EventsSetupPriv.obs)
329  IfxReadProperties                                  ifx.obl(PersistPropertyBag.obs)
330  IfxRunAfterReboot                                  ifx.obl(EventsSetupPriv.obs)
331  IfxWriteProperties                                 ifx.obl(PersistPropertyBag.obs)
332  InetEndofTransfer                                  isrt.obl(iftw.obs)
333  InetNextDisk                                       isrt.obl(iftw.obs)
334  InitInstall                                        isrt.obl(Driver.obs)
335  InitProperties                                     ifx.obl(PersistPropertyBag.obs)
336  Is                                                 isrt.obl(Is.obs)
337  IsInetInstall                                      isrt.obl(iftw.obs)
338  KERNEL.GetModuleHandle                             Setup.obs
339  KERNEL32.CloseHandle                               Setup.obs
340  KERNEL32.CreateFileA                               Setup.obs
341  KERNEL32.CreateProcess                             Setup.obs
342  KERNEL32.DeleteFileA                               Setup.obs
343  KERNEL32.FileTimeToLocalFileTime                   Setup.obs
344  KERNEL32.FileTimeToSystemTime                      Setup.obs
345  KERNEL32.FindClose                                 Setup.obs
346  KERNEL32.FindFirstFileA                            Setup.obs
347  KERNEL32.FindNextFileA                             Setup.obs
348  KERNEL32.FormatMessageA                            Setup.obs
349  KERNEL32.FreeLibrary                               Setup.obs
350  KERNEL32.GetCurrentDirectoryA                      Setup.obs
351  KERNEL32.GetDriveType                              Setup.obs
352  KERNEL32.GetExitCodeProcess                        Setup.obs
353  KERNEL32.GetFileAttributesA                        Setup.obs
354  KERNEL32.GetLocalTime                              Setup.obs
355  KERNEL32.GetLocaleInfo                             Setup.obs
356  KERNEL32.GetPrivateProfileSectionA                 Setup.obs
357  KERNEL32.GetPrivateProfileString                   Setup.obs
358  KERNEL32.GetPrivateProfileStringA                  Setup.obs
359  KERNEL32.GetProcAddress                            Setup.obs
360  KERNEL32.GetProfileStringA                         Setup.obs
361  KERNEL32.GetShortPathNameA                         Setup.obs
362  KERNEL32.GetSystemDefaultLCID                      Setup.obs
363  KERNEL32.GetSystemDefaultLangID                    Setup.obs
364  KERNEL32.GetSystemDefaultUILanguage                Setup.obs
365  KERNEL32.GetTickCount                              Setup.obs
366  KERNEL32.GetUserDefaultLangID                      Setup.obs
367  KERNEL32.GetVersion                                Setup.obs
368  KERNEL32.GetVersionEx                              Setup.obs
369  KERNEL32.GetVolumeInformation                      Setup.obs
370  KERNEL32.GetWindowsDirectory                       Setup.obs
371  KERNEL32.LoadLibraryA                              Setup.obs
372  KERNEL32.SetCurrentDirectoryA                      Setup.obs
373  KERNEL32.SetFileAttributesA                        Setup.obs
374  KERNEL32.Sleep                                     Setup.obs
375  KERNEL32.WritePrivateProfileString                 Setup.obs
376  KERNEL32.WritePrivateProfileStringA                Setup.obs
377  KERNEL32.WriteProfileStringA                       Setup.obs
378  KERNEL32.lstrlen                                   Setup.obs
379  LOBYTE                                             isrt.obl(Misc.obs)
380  LOWORD                                             isrt.obl(Misc.obs)
381  LaunchAppAndWait                                   isrt.obl(Extend.obs)
382  LaunchAppAndWaitInitStartupInfo                    isrt.obl(Extend.obs)
383  ListAddItem                                        isrt.obl(scrlist.obs)
384  ListAddString                                      isrt.obl(scrlist.obs)
385  ListCount                                          isrt.obl(scrlist.obs)
386  ListCreate                                         isrt.obl(scrlist.obs)
387  ListCurrentString                                  isrt.obl(scrlist.obs)
388  ListDeleteItem                                     isrt.obl(scrlist.obs)
389  ListDeleteString                                   isrt.obl(scrlist.obs)
390  ListDestroy                                        isrt.obl(scrlist.obs)
391  ListFindString                                     isrt.obl(scrlist.obs)
392  ListGetFirstItem                                   isrt.obl(scrlist.obs)
393  ListGetFirstString                                 isrt.obl(scrlist.obs)
394  ListGetNextItem                                    isrt.obl(scrlist.obs)
395  ListGetNextString                                  isrt.obl(scrlist.obs)
396  ListGetType                                        isrt.obl(scrlist.obs)
397  ListSetIndex                                       isrt.obl(scrlist.obs)
398  ListValid                                          isrt.obl(scrlist.obs)
399  ListValidType                                      isrt.obl(scrlist.obs)
400  LoadStringFromStringTable                          isrt.obl(Str.obs)
401  LogReadCustomString                                isrt.obl(Misc.obs)
402  LogReadCustomVariant                               isrt.obl(Misc.obs)
403  LogWriteCustomString                               isrt.obl(Misc.obs)
404  LogWriteCustomVariant                              isrt.obl(Misc.obs)
405  LongPathFromShortPath                              isrt.obl(Str.obs)
406  LongPathToQuote                                    isrt.obl(Str.obs)
407  LongPathToShortPath                                isrt.obl(Str.obs)
408  MAKELONG                                           isrt.obl(Misc.obs)
409  MIFCreateMIFFile                                   isrt.obl(MIF.obs)
410  MIFDeleteMIFFile                                   isrt.obl(MIF.obs)
411  MIFInitialize                                      isrt.obl(MIF.obs)
412  MIFSetInformation                                  isrt.obl(MIF.obs)
413  MIFUnInitialize                                    isrt.obl(MIF.obs)
414  MIFWasSetInformationCalled                         isrt.obl(MIF.obs)
415  MIOShutdown                                        isrt.obl(MIO.obs)
416  MIOStartup                                         isrt.obl(MIO.obs)
417  MaintenanceStart                                   isrt.obl(Registry.obs)
418  MediaGetData                                       isrt.obl(Feature.obs)
419  MediaGetDataEx                                     isrt.obl(Feature.obs)
420  MessageBeep                                        isrt.obl(Misc.obs)
421  MessageBox                                         isrt.obl(MsgBox.obs)
422  MessageBoxEx                                       isrt.obl(MsgBox.obs)
423  OnAbort                                            ifx.obl(EventsSetup.obs)
424  OnAppSearch                                        ifx.obl(EventsSetup.obs)
425  OnBegin                                            ifx.obl(EventsSetup.obs)
426  OnCCPSearch                                        ifx.obl(EventsSetup.obs)
427  OnCanceling                                        ifx.obl(EventsSetup.obs)
428  OnCheckMediaPassword                               ifx.obl(EventsSetup.obs)
429  OnComponentError                                   ifx.obl(EventsSetup.obs)
430  OnCustomizeUninstInfo                              ifx.obl(EventsSetup.obs)
431  OnDIFxLogCallback                                  ifx.obl(EventsSetup.obs)
432  OnDIFxLogCallbackImpl                              isrt.obl(ISDIFx.obs)
433  OnEnd                                              ifx.obl(EventsSetup.obs)
434  OnFileError                                        ifx.obl(EventsSetup.obs)
435  OnFileLocked                                       ifx.obl(EventsSetup.obs)
436  OnFileReadOnly                                     ifx.obl(EventsSetup.obs)
437  OnFilterComponents                                 ifx.obl(EventsSetup.obs)
438  OnFirstUIAfter                                     ifx.obl(EventsSetup.obs)
439  OnFirstUIBefore                                    Setup.obs
440  OnHelp                                             ifx.obl(EventsSetup.obs)
441  OnIISAppPoolUninstalling                           ifx.obl(EventsPriv.obs)
442  OnIISCheckRequirements                             ifx.obl(EventsPriv.obs)
443  OnIISComponentInstalled                            ifx.obl(EventsPriv.obs)
444  OnIISInitialize                                    ifx.obl(EventsPriv.obs)
445  OnIISUninitialize                                  ifx.obl(EventsPriv.obs)
446  OnIISVRootUninstalling                             ifx.obl(EventsPriv.obs)
447  OnIISWebServiceExtensionUninstalling               ifx.obl(EventsPriv.obs)
448  OnInstallDRMService                                isrt.obl(Activation.obs)
449  OnInstalledFile                                    ifx.obl(EventsSetup.obs)
450  OnInstalledFontFile                                ifx.obl(EventsSetup.obs)
451  OnInstallingFile                                   ifx.obl(EventsSetup.obs)
452  OnInstallingISUSUpdateManager                      ISUS.obl(ISUpdateService.obs)
453  OnInternetError                                    ifx.obl(EventsSetup.obs)
454  OnLaunchAppAndWaitCallback                         ifx.obl(EventsSetup.obs)
455  OnMD5Error                                         ifx.obl(EventsSetup.obs)
456  OnMaintUIAfter                                     ifx.obl(EventsSetup.obs)
457  OnMaintUIBefore                                    ifx.obl(EventsSetup.obs)
458  OnMoveData                                         ifx.obl(EventsSetup.obs)
459  OnMoved                                            ifx.obl(EventsSetup.obs)
460  OnMoving                                           ifx.obl(EventsSetup.obs)
461  OnNetApiCreateUserAccount                          ifx.obl(EventsSetup.obs)
462  OnNetApiCreateUserAccountInternal                  isrt.obl(NetApiRT.obs)
463  OnNextDisk                                         ifx.obl(EventsSetup.obs)
464  OnRebooted                                         ifx.obl(EventsSetup.obs)
465  OnRemovingSharedFile                               ifx.obl(EventsSetup.obs)
466  OnSQLBatchScripts                                  ifx.obl(EventsPriv.obs)
467  OnSQLComponentInstalled                            ifx.obl(EventsPriv.obs)
468  OnSQLComponentUninstalled                          ifx.obl(EventsPriv.obs)
469  OnSQLServerInitialize                              ifx.obl(EventsPriv.obs)
470  OnSQLServerInitializeMaint                         ifx.obl(EventsPriv.obs)
471  OnSelfRegistrationError                            ifx.obl(EventsSetup.obs)
472  OnSetTARGETDIR                                     ifx.obl(EventsSetup.obs)
473  OnSetUpdateMode                                    ifx.obl(EventsSetup.obs)
474  OnShowUI                                           ifx.obl(EventsSetup.obs)
475  OnUnInstallDRMService                              isrt.obl(Activation.obs)
476  OnUnInstalledISUSUpdateManager                     ISUS.obl(ISUpdateService.obs)
477  OnUnhandledException                               ifx.obl(EventsPriv.obs)
478  OnUninstall                                        ifx.obl(EventsSetup.obs)
479  OnUninstalledFile                                  ifx.obl(EventsSetup.obs)
480  OnUninstallingDIFxDriverFile                       ifx.obl(EventsSetup.obs)
481  OnUninstallingFile                                 ifx.obl(EventsSetup.obs)
482  OnUninstallingFontFile                             ifx.obl(EventsSetup.obs)
483  OnUpdateUIAfter                                    ifx.obl(EventsSetup.obs)
484  OnUpdateUIBefore                                   ifx.obl(EventsSetup.obs)
485  OnXMLComponentInstalled                            ifx.obl(EventsPriv.obs)
486  OnXMLComponentUninstalling                         ifx.obl(EventsPriv.obs)
487  OnXMLInitialize                                    ifx.obl(EventsPriv.obs)
488  OnXMLUninitialize                                  ifx.obl(EventsPriv.obs)
489  OpenFileMode                                       isrt.obl(Files.obs)
490  PCRestoreInit                                      isrt.obl(PCRestore.obs)
491  PCRestoreOnAbort                                   isrt.obl(PCRestore.obs)
492  PCRestoreOnBegin                                   isrt.obl(PCRestore.obs)
493  PCRestoreOnExit                                    isrt.obl(PCRestore.obs)
494  ParsePath                                          isrt.obl(Str.obs)
495  Postprogram                                        ifx.obl(EventsSetupPriv.obs)
496  Preprogram                                         ifx.obl(EventsSetupPriv.obs)
497  ProgDefGroupType                                   isrt.obl(Shell.obs)
498  ProgGetGroupType                                   isrt.obl(Shell.obs)
499  PthFixPath                                         isrt.obl(Pth.obs)
500  PthIsAbsPath                                       isrt.obl(Pth.obs)
501  PutEnabledIServices                                isrt.obl(Misc.obs)
502  ReadProperties                                     ifx.obl(PersistPropertyBag.obs)
503  RebootGetString                                    isrt.obl(Misc.obs)
504  RebootPutString                                    isrt.obl(Misc.obs)
505  Rebooted                                           isrt.obl(Driver.obs)
506  RegDBDeleteValue                                   isrt.obl(Registry.obs)
507  RegDBGetDefaultRoot                                isrt.obl(SysVars.obs)
508  RegDBGetItem                                       isrt.obl(Registry.obs)
509  RegDBGetKeyValueEx                                 isrt.obl(Registry.obs)
510  RegDBQueryKey                                      isrt.obl(Registry.obs)
511  RegDBQueryKeyCount                                 isrt.obl(Registry.obs)
512  RegDBQueryStringMultiStringCount                   isrt.obl(Registry.obs)
513  RegDBQueryValue                                    isrt.obl(Registry.obs)
514  RegDBQueryValue32                                  isrt.obl(Registry.obs)
515  RegDBSetDefaultRoot                                isrt.obl(SysVars.obs)
516  RegDBSetItem                                       isrt.obl(Registry.obs)
517  RegDBSetKeyValueEx                                 isrt.obl(Registry.obs)
518  RegDBSetValue                                      isrt.obl(Registry.obs)
519  RegDBSetValue32                                    isrt.obl(Registry.obs)
520  RegDBSetVersion                                    isrt.obl(Registry.obs)
521  RegisterFontResource                               isrt.obl(Misc.obs)
522  ReleaseDialog                                      isrt.obl(CustomDialog.obs)
523  SdCloseDlg                                         isrt.obl(SDINT.obs)
524  SdComponentDlgCheckSpace                           isrt.obl(SDINT.obs)
525  SdDlgToTop                                         isrt.obl(SDINT.obs)
526  SdDoStdButton                                      isrt.obl(SDINT.obs)
527  SdEnablement                                       isrt.obl(SDINT.obs)
528  SdError                                            isrt.obl(SDINT.obs)
529  SdExceptionsInit                                   isrt.obl(SdExceptions.obs)
530  SdFeatureTree                                      isrt.obl(SdComponentTreeDlg.obs)
531  SdFinish                                           isrt.obl(SdFinishDlg.obs)
532  SdFinishReboot                                     isrt.obl(SdFinishRebootDlg.obs)
533  SdFinishUpdateEx                                   isrt.obl(SdFinishUpdate.obs)
534  SdGeneralInit                                      isrt.obl(SDINT.obs)
535  SdInit                                             isrt.obl(SDINT.obs)
536  SdIsStdButton                                      isrt.obl(SDINT.obs)
537  SdLoadString                                       isrt.obl(SDINT.obs)
538  SdMakeName                                         isrt.obl(SDINT.obs)
539  SdPlugInProductName                                isrt.obl(SDINT.obs)
540  SdSetDlgTitle                                      isrt.obl(SDINT.obs)
541  SdSetStatic                                        isrt.obl(SDINT.obs)
542  SdShowMsg                                          isrt.obl(SDSMSG.obs)
543  SdStartCopy2                                       isrt.obl(SdStartCopy2Dlg.obs)
544  SdSubstituteProductInfo                            isrt.obl(SDINT.obs)
545  SdUnInit                                           isrt.obl(SDINT.obs)
546  SdWelcome                                          isrt.obl(SdWelcomeDlg.obs)
547  SdWelcomeMaint                                     isrt.obl(SdWelcomeMaintDlg.obs)
548  SelectDir                                          isrt.obl(SelectDir.obs)
549  SelectDirNoLog                                     isrt.obl(SelectDir.obs)
550  SendMessage                                        isrt.obl(Misc.obs)
551  ServiceInitParams                                  isrt.obl(Service.obs)
552  SetCmdLine                                         isrt.obl(SysVars.obs)
553  SetDialogTitle                                     isrt.obl(Dialogs.obs)
554  SetDisplayEffect                                   isrt.obl(ui.obs)
555  SetExtendedErrInfo                                 isrt.obl(IsUtil.obs)
556  SetFolderDesktop                                   isrt.obl(SysVars.obs)
557  SetFolderPrograms                                  isrt.obl(SysVars.obs)
558  SetFolderStartMenu                                 isrt.obl(SysVars.obs)
559  SetFolderStartup                                   isrt.obl(SysVars.obs)
560  SetStatus                                          ifx.obl(EventsSetupPriv.obs)
561  SetStatusEx                                        ifx.obl(EventsSetupPriv.obs)
562  SetStatusExStaticText                              isrt.obl(ui.obs)
563  SetStatusWindow                                    isrt.obl(ui.obs)
564  SetTitle                                           isrt.obl(ui.obs)
565  SetupTraceWrite                                    isrt.obl(Misc.obs)
566  ShowObjWizardPages                                 isrt.obl(Objects.obs)
567  ShowWizardPages                                    isrt.obl(Driver.obs)
568  SilentCreateFile                                   isrt.obl(Silent.obs)
569  SilentDoGeneralInfo                                isrt.obl(Silent.obs)
570  SilentFailed                                       isrt.obl(Silent.obs)
571  SilentFinish                                       isrt.obl(Silent.obs)
572  SilentInit                                         isrt.obl(Silent.obs)
573  SilentLogWriteData                                 isrt.obl(Silent.obs)
574  SilentReadData                                     isrt.obl(Silent.obs)
575  SilentSetInfo                                      isrt.obl(Silent.obs)
576  SilentSetMode                                      isrt.obl(Silent.obs)
577  SilentWriteData                                    isrt.obl(Silent.obs)
578  Sprintf                                            isrt.obl(Str.obs)
579  SprintfBox                                         isrt.obl(MsgBox.obs)
580  StatusUpdate                                       isrt.obl(ui.obs)
581  StrAddLastSlash                                    isrt.obl(Str.obs)
582  StrFindEx                                          isrt.obl(Str.obs)
583  StrGetTokens                                       isrt.obl(Str.obs)
584  StrLength                                          isrt.obl(Str.obs)
585  StrRemoveLastSlash                                 isrt.obl(Str.obs)
586  StrRemoveSpaces                                    isrt.obl(Str.obs)
587  StrReplace                                         isrt.obl(Str.obs)
588  StrToNumHex                                        isrt.obl(Str.obs)
589  StrToUpper                                         isrt.obl(Str.obs)
590  SysVarsInit                                        isrt.obl(SysVars.obs)
591  SysVarsTrace                                       isrt.obl(SysVars.obs)
592  SysVarsUnInit                                      isrt.obl(SysVars.obs)
593  System                                             isrt.obl(Misc.obs)
594  TextSubGetValue                                    isrt.obl(TextSub.obs)
595  TextSubParseTextSub                                isrt.obl(TextSub.obs)
596  TextSubSetValue                                    isrt.obl(TextSub.obs)
597  TextSubSubstitute                                  isrt.obl(TextSub.obs)
598  TreeViewCreate                                     isrt.obl(CmptView.obs)
599  USER.EnableWindow                                  Setup.obs
600  USER.GetClassName                                  Setup.obs
601  USER.GetDC                                         Setup.obs
602  USER.GetDlgItem                                    Setup.obs
603  USER.GetFocus                                      Setup.obs
604  USER.GetWindowLong                                 Setup.obs
605  USER.IsIconic                                      Setup.obs
606  USER.IsWindow                                      Setup.obs
607  USER.IsWindowVisible                               Setup.obs
608  USER.PostMessage                                   Setup.obs
609  USER.ReleaseDC                                     Setup.obs
610  USER.SendMessageA                                  Setup.obs
611  USER.SetFocus                                      Setup.obs
612  USER.SetForegroundWindow                           Setup.obs
613  USER.SetWindowPos                                  Setup.obs
614  USER.SetWindowText                                 Setup.obs
615  USER.ShowWindow                                    Setup.obs
616  USER32.CharUpperBuffA                              Setup.obs
617  USER32.DispatchMessage                             Setup.obs
618  USER32.GetSystemMetrics                            Setup.obs
619  USER32.GetWindowText                               Setup.obs
620  USER32.GetWindowTextLength                         Setup.obs
621  USER32.MessageBoxA                                 Setup.obs
622  USER32.MsgWaitForMultipleObjects                   Setup.obs
623  USER32.PeekMessageA                                Setup.obs
624  USER32.SendMessageA                                Setup.obs
625  USER32.SetWindowLong                               Setup.obs
626  USER32.SetWindowRgn                                Setup.obs
627  USER32.TranslateMessage                            Setup.obs
628  UpdateServiceCheckForUpdates                       ISUS.obl(ISUpdateService.obs)
629  UpdateServiceEnableUpdateManagerInstall            ISUS.obl(ISUpdateService.obs)
630  UpdateServiceEnableUpdateService                   ISUS.obl(ISUpdateService.obs)
631  UpdateServiceGetAgentTarget                        ISUS.obl(ISUpdateService.obs)
632  UpdateServiceInit                                  ISUS.obl(ISUpdateService.obs)
633  UpdateServiceRegisterAfterReboot                   ISUS.obl(ISUpdateService.obs)
634  UpdateServiceRegisterProduct                       ISUS.obl(ISUpdateService.obs)
635  UpdateServiceRegisterProductEx                     ISUS.obl(ISUpdateService.obs)
636  UpdateServiceSetHost                               ISUS.obl(ISUpdateService.obs)
637  UpdateServiceSetLanguage                           ISUS.obl(ISUpdateService.obs)
638  VarInit                                            isrt.obl(SysVars.obs)
639  VarRestore                                         isrt.obl(SysVars.obs)
640  VarRestoreISRT                                     isrt.obl(SysVars.obs)
641  VarSave                                            isrt.obl(SysVars.obs)
642  VarSaveISRT                                        isrt.obl(SysVars.obs)
643  VerCompare                                         isrt.obl(version.obs)
644  VerProductCompareVersions                          isrt.obl(version.obs)
645  VerProductGetInstalledVersion                      isrt.obl(version.obs)
646  VerProductIsVersionSupported                       isrt.obl(version.obs)
647  VerProductNumToStr                                 isrt.obl(version.obs)
648  VerProductStrToNum                                 isrt.obl(version.obs)
649  VerProductVerFromVerParts                          isrt.obl(version.obs)
650  VerProductVerPartsFromVer                          isrt.obl(version.obs)
651  WaitOnDialog                                       isrt.obl(CustomDialog.obs)
652  WizardDirection                                    ifx.obl(EventsSetupPriv.obs)
653  WriteLine                                          isrt.obl(Files.obs)
654  WriteProfInt                                       isrt.obl(Profile.obs)
655  WriteProfString                                    isrt.obl(Profile.obs)
656  WriteProperties                                    ifx.obl(PersistPropertyBag.obs)
657  __ISRTDoExit                                       isrt.obl(Misc.obs)
658  __ISRTInit                                         isrt.obl(ISRTInit.obs)
659  __ISRTRestoreMainLog                               isrt.obl(ISRTInit.obs)
660  __ISRTRestoreMainLogEx                             isrt.obl(ISRTInit.obs)
661  __ISRTSetComponentLog                              isrt.obl(ISRTInit.obs)
662  __ISRTUnInit                                       isrt.obl(ISRTInit.obs)
663  __LoadIScriptString                                isrt.obl(LoadStr.obs)
664  program                                            ifx.obl(EventsSetupPriv.obs)
665  sfc.SRSetRestorePoint                              Setup.obs


***** External Variables *****
1    ADDREMOVE                                          isrt.obl(DebugSymbols.obs)
2    ADDREMOVE_COMBINEDBUTTON                           Setup.obs
3    ADDREMOVE_HIDECHANGEOPTION                         Setup.obs
4    ADDREMOVE_HIDEREMOVEOPTION                         Setup.obs
5    ADDREMOVE_HIDEREPAIROPTION                         Setup.obs
6    ADDREMOVE_STRING_REMOVEONLY                        Setup.obs
7    ADDREMOVE_SYSTEMCOMPONENT                          Setup.obs
8    ADMINUSER                                          Setup.obs
9    ALLUSERS                                           Setup.obs
10   BATCH_INSTALL                                      Setup.obs
11   CMDLINE                                            isrt.obl(DebugSymbols.obs)
12   COMMONFILES                                        isrt.obl(DebugSymbols.obs)
13   COMMONFILES64                                      isrt.obl(DebugSymbols.obs)
14   DISABLE_ALLUSERBTN                                 Setup.obs
15   DISABLE_PERUSERBTN                                 Setup.obs
16   DISK1TARGET                                        Setup.obs
17   ENABLED_ISERVICES                                  isrt.obl(DebugSymbols.obs)
18   ENGINECOMMONDIR                                    isrt.obl(DebugSymbols.obs)
19   ENGINEDIR                                          isrt.obl(DebugSymbols.obs)
20   ERRORFILENAME                                      Setup.obs
21   Err                                                Setup.obs
22   FILETIME                                           Setup.obs
23   FIND_DATA                                          Setup.obs
24   FOLDER_APPDATA                                     isrt.obl(DebugSymbols.obs)
25   FOLDER_COMMON_APPDATA                              isrt.obl(DebugSymbols.obs)
26   FOLDER_DESKTOP                                     isrt.obl(DebugSymbols.obs)
27   FOLDER_DOTNET_10                                   isrt.obl(DebugSymbols.obs)
28   FOLDER_DOTNET_11                                   isrt.obl(DebugSymbols.obs)
29   FOLDER_DOTNET_20                                   isrt.obl(DebugSymbols.obs)
30   FOLDER_FONTS                                       isrt.obl(DebugSymbols.obs)
31   FOLDER_LOCAL_APPDATA                               isrt.obl(DebugSymbols.obs)
32   FOLDER_PERSONAL                                    isrt.obl(DebugSymbols.obs)
33   FOLDER_PROGRAMS                                    isrt.obl(DebugSymbols.obs)
34   FOLDER_STARTMENU                                   isrt.obl(DebugSymbols.obs)
35   FOLDER_STARTUP                                     isrt.obl(DebugSymbols.obs)
36   FOLDER_TEMP                                        isrt.obl(DebugSymbols.obs)
37   FileRegistrar                                      Setup.obs
38   HKEYCURRENTROOTKEY                                 Setup.obs
39   IFX_COMPANY_NAME                                   Setup.obs
40   IFX_DISK1INSTALLED                                 Setup.obs
41   IFX_INITIALIZED                                    Setup.obs
42   IFX_INSTALLED_DISPLAY_VERSION                      Setup.obs
43   IFX_INSTALLED_VERSION                              Setup.obs
44   IFX_KEYPATH_PRODUCT_INFO                           Setup.obs
45   IFX_MULTI_INSTANCE_SUFFIX                          Setup.obs
46   IFX_PRODUCT_COMMENTS                               Setup.obs
47   IFX_PRODUCT_DISPLAY_NAME                           Setup.obs
48   IFX_PRODUCT_DISPLAY_VERSION                        Setup.obs
49   IFX_PRODUCT_ICON                                   Setup.obs
50   IFX_PRODUCT_KEY                                    Setup.obs
51   IFX_PRODUCT_NAME                                   Setup.obs
52   IFX_PRODUCT_README                                 Setup.obs
53   IFX_PRODUCT_REGISTEREDCOMPANY                      Setup.obs
54   IFX_PRODUCT_REGISTEREDOWNER                        Setup.obs
55   IFX_PRODUCT_REGISTEREDSERIALNUM                    Setup.obs
56   IFX_PRODUCT_SUPPORT_CONTACT                        Setup.obs
57   IFX_PRODUCT_SUPPORT_PHONE                          Setup.obs
58   IFX_PRODUCT_SUPPORT_URL                            Setup.obs
59   IFX_PRODUCT_UPDATE_URL                             Setup.obs
60   IFX_PRODUCT_URL                                    Setup.obs
61   IFX_PRODUCT_VERSION                                Setup.obs
62   IFX_SETUP_TITLE                                    Setup.obs
63   IFX_SUPPORTED_VERSIONS                             Setup.obs
64   IISROOTFOLDER                                      isrt.obl(DebugSymbols.obs)
65   INSTALLSCRIPTMSI                                   isrt.obl(DebugSymbols.obs)
66   INSTANCE_GUID                                      isrt.obl(DebugSymbols.obs)
67   ISDIFXAPPID                                        Setup.obs
68   ISRES                                              isrt.obl(DebugSymbols.obs)
69   ISUSER                                             isrt.obl(DebugSymbols.obs)
70   ISUS_PRODUCT_CODE                                  Setup.obs
71   ISUTIL_FUNCTION_ACTUAL_ERROR                       Setup.obs
72   ISUTIL_LINE_NUMBER                                 Setup.obs
73   ISUTIL_SCRIPT_FILE                                 Setup.obs
74   ISVERSION                                          isrt.obl(DebugSymbols.obs)
75   InetSRCDIR                                         Setup.obs
76   LAAW_PARAMETERS                                    Setup.obs
77   LAAW_PROCESS_INFORMATION                           Setup.obs
78   LAAW_STARTUPINFO                                   Setup.obs
79   LAST_RESULT                                        Setup.obs
80   LogDB                                              Setup.obs
81   MAINTENANCE                                        isrt.obl(DebugSymbols.obs)
82   MAINT_OPTION                                       isrt.obl(DebugSymbols.obs)
83   MEDIA                                              Setup.obs
84   MEDIA_INFO                                         isrt.obl(Feature.obs)
85   MODE                                               Setup.obs
86   MSG                                                Setup.obs
87   MULTI_INSTANCE_COUNT                               isrt.obl(DebugSymbols.obs)
88   MainWindow                                         Setup.obs
89   NOTHING                                            Setup.obs
90   OSINFO_PLATFORM_INFO                               Setup.obs
91   OSINFO_PROCESSOR_INFO                              Setup.obs
92   OSVERSIONINFO                                      Setup.obs
93   OSVERSIONINFOEX                                    Setup.obs
94   Objects                                            Setup.obs
95   PACKAGE_LOCATION                                   isrt.obl(DebugSymbols.obs)
96   POINT                                              Setup.obs
97   PRIVILEGED                                         Setup.obs
98   PROCESS_INFORMATION                                Setup.obs
99   PRODUCT_GUID                                       isrt.obl(DebugSymbols.obs)
100  PROGRAMFILES                                       isrt.obl(DebugSymbols.obs)
101  PROGRAMFILES64                                     isrt.obl(DebugSymbols.obs)
102  RECT                                               Setup.obs
103  REGDB_OPTIONS                                      Setup.obs
104  REINSTALLMODE                                      isrt.obl(DebugSymbols.obs)
105  REMOVEALLMODE                                      isrt.obl(DebugSymbols.obs)
106  REMOVEONLY                                         isrt.obl(DebugSymbols.obs)
107  Reboot                                             Setup.obs
108  SELECTED_LANGUAGE                                  isrt.obl(DebugSymbols.obs)
109  SERVICE_IS_PARAMS                                  Setup.obs
110  SETUPTYPE_STR_COMPACT                              Setup.obs
111  SETUPTYPE_STR_COMPLETE                             Setup.obs
112  SETUPTYPE_STR_CUSTOM                               Setup.obs
113  SETUPTYPE_STR_TYPICAL                              Setup.obs
114  SHELL_OBJECT_FOLDER                                Setup.obs
115  SHOW_PASSWORD_DIALOG                               isrt.obl(DebugSymbols.obs)
116  SRCDIR                                             Setup.obs
117  SRCDISK                                            isrt.obl(DebugSymbols.obs)
118  STARTUPINFO                                        Setup.obs
119  SUPPORTDIR                                         isrt.obl(DebugSymbols.obs)
120  SYSTEMTIME                                         Setup.obs
121  SetupInfo                                          Setup.obs
122  StatusDlg                                          Setup.obs
123  TARGETDIR                                          Setup.obs
124  TARGETDISK                                         isrt.obl(DebugSymbols.obs)
125  TextSub                                            Setup.obs
126  UNINST                                             Setup.obs
127  UNINSTALLKEY                                       Setup.obs
128  UNINSTALL_DISPLAYNAME                              Setup.obs
129  UNINSTALL_STRING                                   Setup.obs
130  UPDATEMODE                                         Setup.obs
131  WINDIR                                             isrt.obl(DebugSymbols.obs)
132  WINDISK                                            isrt.obl(DebugSymbols.obs)
133  WINSYSDIR                                          isrt.obl(DebugSymbols.obs)
134  WINSYSDIR64                                        isrt.obl(DebugSymbols.obs)
135  WINSYSDISK                                         isrt.obl(DebugSymbols.obs)
136  _FONTFILEINFO                                      Setup.obs
137  _INT64                                             Setup.obs
138  _ISDIFXINSTALLERINFO                               isrt.obl(ISDIFx.obs)
139  _LAAW_PARAMETERS                                   Setup.obs
140  _LAAW_TEMP_DATA                                    isrt.obl(Extend.obs)
141  _RESTOREINFO_                                      Setup.obs
142  _RESTOREPTINFO                                     Setup.obs
143  _SERVICE_IS_PARAMS                                 Setup.obs
144  _SMGRSTATUS                                        Setup.obs
145  _SMGSTATUS_                                        Setup.obs
146  _WIN9X                                             Setup.obs
147  _WINNT                                             Setup.obs
148  __SYSTEMINFORMATION                                Setup.obs
149  __SYSTEMPROCESSORINFORMATION                       Setup.obs
150  __hContext                                         isrt.obl(Activation.obs)
151  __objGlobalTextSub                                 Setup.obs
152  __szGUID                                           isrt.obl(ISRTInit.obs)
153  bBackButton                                        Setup.obs
154  bCancelButton                                      Setup.obs
155  bEnterDiskBeep                                     isrt.obl(AskDestPathDlg.obs)
156  bFinishButton                                      Setup.obs
157  bIFXLFNoToAll                                      Setup.obs
158  bIFXLFOnRebootToAll                                Setup.obs
159  bIFXLFYesToAll                                     Setup.obs
160  bIFXMD5IgnoreToAll                                 Setup.obs
161  bIFXRONoToAll                                      Setup.obs
162  bIFXROYesToAll                                     Setup.obs
163  bIFXSFNoToAll                                      Setup.obs
164  bIFXSFYesToAll                                     Setup.obs
165  bIfxPCHInitialized                                 Setup.obs
166  bIfxPCHOn                                          Setup.obs
167  bInstall16                                         Setup.obs
168  bNextButton                                        Setup.obs
169  bSdInit                                            Setup.obs
170  bViewCmptKunits                                    Setup.obs
171  bViewCmptUseDecimal                                Setup.obs
172  g_bSuppressMissingStringWarning                    isrt.obl(Enable.obs)
173  nIfxPCHType                                        Setup.obs
174  szAppKey                                           Setup.obs
175  szSdProduct                                        Setup.obs
176  szSdStr_NotEnoughSpace                             Setup.obs
